-- end scope --
-- end scope --
var:x:0:NIS
var:y:1:AGORA
